---
source: crates/stef-build/tests/compiler.rs
description: "use other::module;\nuse other::module::Type;"
input_file: crates/stef-build/tests/inputs_extra/import.stef
---
#[allow(unused_imports)]
use ::stef::buf::{Decode, Encode, Size};
#[allow(unused_imports)]
use super::other::module;
#[allow(unused_imports)]
use super::other::module::Type;

