---
source: crates/stef-compiler/tests/compiler.rs
description: "struct Sample((u8, u8, u8, u8, u8, u8, u8, u8, u8, u8, u8, u8, u8) @1)"
input_file: crates/stef-compiler/tests/inputs/validate/struct_unnamed_tuple_too_large.stef
---
  × invalid tuple element size found
  ╰─▶ tuples with ❬W❭more than 12 elements❬W❭ are invalid
   ╭─[struct_unnamed_tuple_too_large.stef:1:1]
 1 │ struct Sample((u8, u8, u8, u8, u8, u8, u8, u8, u8, u8, u8, u8, u8) @1)
   ·               ──────────────────────────┬─────────────────────────
   ·                                         ╰── declared here
   ╰────
  help: a tuple must have between 2 and 12 elements

