---
source: crates/stef-go/tests/render.rs
description: "const SIMPLE: string = \"value\";\n\nconst NEWLINE_ESCAPE: string = \"one \\\n    two \\\n    three\\\n\";\n\nconst ESCAPES: string = \"escape basics \\r\\n \\t \\b \\f \\\\ \\\"\\\n    hello\\\" \\n\\\n    unicode \\u{2764}  \\\n    emoji ❤ \\\n\";\n\nconst MULTILINE: string = \"a\n    b\n    c\n\";"
input_file: crates/stef-parser/tests/inputs/const_string.stef
---
--- sample.go

// Code generated by stef-go (v0.1.0). DO NOT EDIT.

import (
	"github.com/dnaka91/stef-go"
	"github.com/dnaka91/stef-go/buf"
)

package sample

const Simple string = "value"
const NewlineEscape string = "one two three"
const Escapes string = "escape basics \r\n \t \u{8} \u{c} \\ \"hello\" \nunicode ❤  emoji ❤ "
const Multiline string = "a\n    b\n    c\n"

