---
source: crates/stef-parser/tests/parser.rs
description: "#[deprecated = \"don't use\", compress]\n#[validate(\n    in_range(min = 100, max = 200),\n    non_empty,\n)]\nstruct Sample"
input_file: crates/stef-parser/tests/inputs/attributes.stef
---
Schema {
    definitions: [
        Struct(
            Struct {
                comment: Comment(
                    [],
                ),
                attributes: Attributes(
                    [
                        Attribute {
                            name: "deprecated",
                            value: Single(
                                String(
                                    "don't use",
                                ),
                            ),
                        },
                        Attribute {
                            name: "compress",
                            value: Unit,
                        },
                        Attribute {
                            name: "validate",
                            value: Multi(
                                [
                                    Attribute {
                                        name: "in_range",
                                        value: Multi(
                                            [
                                                Attribute {
                                                    name: "min",
                                                    value: Single(
                                                        Int(
                                                            100,
                                                        ),
                                                    ),
                                                },
                                                Attribute {
                                                    name: "max",
                                                    value: Single(
                                                        Int(
                                                            200,
                                                        ),
                                                    ),
                                                },
                                            ],
                                        ),
                                    },
                                    Attribute {
                                        name: "non_empty",
                                        value: Unit,
                                    },
                                ],
                            ),
                        },
                    ],
                ),
                name: Name {
                    value: "Sample",
                    span: Span {
                        start: 111,
                        end: 117,
                    },
                },
                generics: Generics(
                    [],
                ),
                fields: Unit,
            },
        ),
    ],
}
