---
source: crates/stef-parser/tests/parser.rs
description: "#[deprecated]\nstruct Sample"
input_file: crates/stef-parser/tests/inputs/attribute_unit.stef
---
#[deprecated]
struct Sample


